PASS: 15 fresh cells, 1083 first attempts + 15 smoke; public SDK, source hashes, raw timings, stops and deletions
[
  {
    "size": "500mb",
    "concurrency": 1,
    "samples": 1,
    "success": 1,
    "throttles": 0,
    "other_errors": 0,
    "fresh_boots": 0,
    "cold_p50_ms": 2542.4,
    "cold_p90_ms": 2542.4,
    "cold_max_ms": 2542.4,
    "cold_mean_ms": 2542.4,
    "warm_p50_ms": 127.7,
    "warm_success": 1,
    "stop_success": 1,
    "stop_absent": 0,
    "reused": false,
    "processes": 1,
    "actual_settle_seconds": 243.715,
    "api_start_spread_ms": 0.0,
    "before_send_spread_ms": 0.0,
    "tight_burst": true,
    "peak_inflight": 1,
    "p95_ms": null,
    "p99_ms": null,
    "first_started_iso": "2026-09-17T14:53:56.846003+00:00",
    "last_finished_iso": "2026-09-17T14:53:59.692317+00:00",
    "worker_cpu_seconds": 0.0371,
    "errors": {}
  },
  {
    "size": "500mb",
    "concurrency": 10,
    "samples": 10,
    "success": 10,
    "throttles": 0,
    "other_errors": 0,
    "fresh_boots": 0,
    "cold_p50_ms": 2542.7,
    "cold_p90_ms": 2849.1,
    "cold_max_ms": 2850.3,
    "cold_mean_ms": 2628.5,
    "warm_p50_ms": 133.2,
    "warm_success": 10,
    "stop_success": 10,
    "stop_absent": 0,
    "reused": false,
    "processes": 8,
    "actual_settle_seconds": 259.753,
    "api_start_spread_ms": 6.402,
    "before_send_spread_ms": 5.154,
    "tight_burst": true,
    "peak_inflight": 10,
    "p95_ms": 2849.7,
    "p99_ms": 2850.2,
    "first_started_iso": "2026-09-17T14:54:15.335733+00:00",
    "last_finished_iso": "2026-09-17T14:54:18.550146+00:00",
    "worker_cpu_seconds": 0.398,
    "errors": {}
  },
  {
    "size": "500mb",
    "concurrency": 50,
    "samples": 50,
    "success": 50,
    "throttles": 0,
    "other_errors": 0,
    "fresh_boots": 0,
    "cold_p50_ms": 2294.1,
    "cold_p90_ms": 2537.9,
    "cold_max_ms": 3697.0,
    "cold_mean_ms": 2348.1,
    "warm_p50_ms": 135.4,
    "warm_success": 50,
    "stop_success": 50,
    "stop_absent": 0,
    "reused": false,
    "processes": 8,
    "actual_settle_seconds": 276.126,
    "api_start_spread_ms": 131.035,
    "before_send_spread_ms": 129.951,
    "tight_burst": false,
    "peak_inflight": 50,
    "p95_ms": 2773.0,
    "p99_ms": 3267.8,
    "first_started_iso": "2026-09-17T14:54:34.332416+00:00",
    "last_finished_iso": "2026-09-17T14:54:38.346516+00:00",
    "worker_cpu_seconds": 2.5165,
    "errors": {}
  },
  {
    "size": "500mb",
    "concurrency": 100,
    "samples": 100,
    "success": 100,
    "throttles": 0,
    "other_errors": 0,
    "fresh_boots": 0,
    "cold_p50_ms": 2283.2,
    "cold_p90_ms": 2718.0,
    "cold_max_ms": 3256.3,
    "cold_mean_ms": 2341.0,
    "warm_p50_ms": 114.4,
    "warm_success": 100,
    "stop_success": 100,
    "stop_absent": 0,
    "reused": false,
    "processes": 8,
    "actual_settle_seconds": 293.49,
    "api_start_spread_ms": 525.621,
    "before_send_spread_ms": 524.341,
    "tight_burst": false,
    "peak_inflight": 100,
    "p95_ms": 2904.0,
    "p99_ms": 3081.9,
    "first_started_iso": "2026-09-17T14:54:54.036816+00:00",
    "last_finished_iso": "2026-09-17T14:54:58.073910+00:00",
    "worker_cpu_seconds": 5.8667,
    "errors": {}
  },
  {
    "size": "500mb",
    "concurrency": 200,
    "samples": 200,
    "success": 170,
    "throttles": 30,
    "other_errors": 0,
    "fresh_boots": 0,
    "cold_p50_ms": 2324.9,
    "cold_p90_ms": 2694.2,
    "cold_max_ms": 3575.3,
    "cold_mean_ms": 2344.1,
    "warm_p50_ms": 112.0,
    "warm_success": 170,
    "stop_success": 170,
    "stop_absent": 30,
    "reused": false,
    "processes": 8,
    "actual_settle_seconds": 309.654,
    "api_start_spread_ms": 1269.561,
    "before_send_spread_ms": 1268.258,
    "tight_burst": false,
    "peak_inflight": 183,
    "p95_ms": 2942.4,
    "p99_ms": 3284.9,
    "first_started_iso": "2026-09-17T14:55:13.833023+00:00",
    "last_finished_iso": "2026-09-17T14:55:18.143061+00:00",
    "worker_cpu_seconds": 12.4635,
    "errors": {
      "ThrottlingException": 30
    }
  },
  {
    "size": "1gb",
    "concurrency": 1,
    "samples": 1,
    "success": 1,
    "throttles": 0,
    "other_errors": 0,
    "fresh_boots": 0,
    "cold_p50_ms": 2469.7,
    "cold_p90_ms": 2469.7,
    "cold_max_ms": 2469.7,
    "cold_mean_ms": 2469.7,
    "warm_p50_ms": 119.1,
    "warm_success": 1,
    "stop_success": 1,
    "stop_absent": 0,
    "reused": false,
    "processes": 1,
    "actual_settle_seconds": 306.844,
    "api_start_spread_ms": 0.0,
    "before_send_spread_ms": 0.0,
    "tight_burst": true,
    "peak_inflight": 1,
    "p95_ms": null,
    "p99_ms": null,
    "first_started_iso": "2026-09-17T14:55:33.817792+00:00",
    "last_finished_iso": "2026-09-17T14:55:36.581974+00:00",
    "worker_cpu_seconds": 0.0366,
    "errors": {}
  },
  {
    "size": "1gb",
    "concurrency": 10,
    "samples": 10,
    "success": 6,
    "throttles": 4,
    "other_errors": 0,
    "fresh_boots": 0,
    "cold_p50_ms": 2206.4,
    "cold_p90_ms": 2568.1,
    "cold_max_ms": 2921.9,
    "cold_mean_ms": 2324.5,
    "warm_p50_ms": 106.7,
    "warm_success": 6,
    "stop_success": 6,
    "stop_absent": 4,
    "reused": false,
    "processes": 8,
    "actual_settle_seconds": 322.438,
    "api_start_spread_ms": 5.008,
    "before_send_spread_ms": 5.007,
    "tight_burst": true,
    "peak_inflight": 10,
    "p95_ms": 2745.0,
    "p99_ms": 2886.5,
    "first_started_iso": "2026-09-17T14:55:52.284148+00:00",
    "last_finished_iso": "2026-09-17T14:55:55.553576+00:00",
    "worker_cpu_seconds": 0.4151,
    "errors": {
      "ThrottlingException": 4
    }
  },
  {
    "size": "1gb",
    "concurrency": 50,
    "samples": 50,
    "success": 32,
    "throttles": 18,
    "other_errors": 0,
    "fresh_boots": 0,
    "cold_p50_ms": 2330.8,
    "cold_p90_ms": 2970.7,
    "cold_max_ms": 3263.7,
    "cold_mean_ms": 2480.4,
    "warm_p50_ms": 110.6,
    "warm_success": 32,
    "stop_success": 32,
    "stop_absent": 18,
    "reused": false,
    "processes": 8,
    "actual_settle_seconds": 338.703,
    "api_start_spread_ms": 197.264,
    "before_send_spread_ms": 196.301,
    "tight_burst": false,
    "peak_inflight": 48,
    "p95_ms": 3030.8,
    "p99_ms": 3200.2,
    "first_started_iso": "2026-09-17T14:56:11.233186+00:00",
    "last_finished_iso": "2026-09-17T14:56:14.786151+00:00",
    "worker_cpu_seconds": 2.381,
    "errors": {
      "ThrottlingException": 18
    }
  },
  {
    "size": "1gb",
    "concurrency": 100,
    "samples": 100,
    "success": 74,
    "throttles": 26,
    "other_errors": 0,
    "fresh_boots": 0,
    "cold_p50_ms": 2238.1,
    "cold_p90_ms": 2483.5,
    "cold_max_ms": 3151.1,
    "cold_mean_ms": 2246.5,
    "warm_p50_ms": 111.8,
    "warm_success": 74,
    "stop_success": 74,
    "stop_absent": 26,
    "reused": false,
    "processes": 8,
    "actual_settle_seconds": 355.493,
    "api_start_spread_ms": 492.754,
    "before_send_spread_ms": 491.604,
    "tight_burst": false,
    "peak_inflight": 78,
    "p95_ms": 2681.6,
    "p99_ms": 3146.8,
    "first_started_iso": "2026-09-17T14:56:30.432683+00:00",
    "last_finished_iso": "2026-09-17T14:56:34.341925+00:00",
    "worker_cpu_seconds": 5.7018,
    "errors": {
      "ThrottlingException": 26
    }
  },
  {
    "size": "1gb",
    "concurrency": 200,
    "samples": 200,
    "success": 146,
    "throttles": 54,
    "other_errors": 0,
    "fresh_boots": 0,
    "cold_p50_ms": 2246.5,
    "cold_p90_ms": 2620.8,
    "cold_max_ms": 4042.4,
    "cold_mean_ms": 2259.6,
    "warm_p50_ms": 112.0,
    "warm_success": 146,
    "stop_success": 146,
    "stop_absent": 54,
    "reused": false,
    "processes": 8,
    "actual_settle_seconds": 372.597,
    "api_start_spread_ms": 1040.654,
    "before_send_spread_ms": 1065.587,
    "tight_burst": false,
    "peak_inflight": 167,
    "p95_ms": 2728.3,
    "p99_ms": 2933.1,
    "first_started_iso": "2026-09-17T14:56:49.996569+00:00",
    "last_finished_iso": "2026-09-17T14:56:54.598588+00:00",
    "worker_cpu_seconds": 11.9031,
    "errors": {
      "ThrottlingException": 54
    }
  },
  {
    "size": "2gb",
    "concurrency": 1,
    "samples": 1,
    "success": 1,
    "throttles": 0,
    "other_errors": 0,
    "fresh_boots": 0,
    "cold_p50_ms": 3468.9,
    "cold_p90_ms": 3468.9,
    "cold_max_ms": 3468.9,
    "cold_mean_ms": 3468.9,
    "warm_p50_ms": 146.4,
    "warm_success": 1,
    "stop_success": 1,
    "stop_absent": 0,
    "reused": false,
    "processes": 1,
    "actual_settle_seconds": 384.52,
    "api_start_spread_ms": 0.0,
    "before_send_spread_ms": 0.0,
    "tight_burst": true,
    "peak_inflight": 1,
    "p95_ms": null,
    "p99_ms": null,
    "first_started_iso": "2026-09-17T14:57:10.290782+00:00",
    "last_finished_iso": "2026-09-17T14:57:14.083432+00:00",
    "worker_cpu_seconds": 0.0364,
    "errors": {}
  },
  {
    "size": "2gb",
    "concurrency": 10,
    "samples": 10,
    "success": 6,
    "throttles": 4,
    "other_errors": 0,
    "fresh_boots": 0,
    "cold_p50_ms": 2228.9,
    "cold_p90_ms": 2793.1,
    "cold_max_ms": 3305.4,
    "cold_mean_ms": 2396.5,
    "warm_p50_ms": 118.8,
    "warm_success": 6,
    "stop_success": 6,
    "stop_absent": 4,
    "reused": false,
    "processes": 8,
    "actual_settle_seconds": 401.506,
    "api_start_spread_ms": 5.446,
    "before_send_spread_ms": 5.43,
    "tight_burst": true,
    "peak_inflight": 10,
    "p95_ms": 3049.2,
    "p99_ms": 3254.1,
    "first_started_iso": "2026-09-17T14:57:29.755145+00:00",
    "last_finished_iso": "2026-09-17T14:57:33.356749+00:00",
    "worker_cpu_seconds": 0.4072,
    "errors": {
      "ThrottlingException": 4
    }
  },
  {
    "size": "2gb",
    "concurrency": 50,
    "samples": 50,
    "success": 21,
    "throttles": 29,
    "other_errors": 0,
    "fresh_boots": 0,
    "cold_p50_ms": 2388.0,
    "cold_p90_ms": 2773.8,
    "cold_max_ms": 2916.6,
    "cold_mean_ms": 2450.3,
    "warm_p50_ms": 109.3,
    "warm_success": 21,
    "stop_success": 21,
    "stop_absent": 29,
    "reused": false,
    "processes": 8,
    "actual_settle_seconds": 418.187,
    "api_start_spread_ms": 211.57,
    "before_send_spread_ms": 210.558,
    "tight_burst": false,
    "peak_inflight": 48,
    "p95_ms": 2796.2,
    "p99_ms": 2892.5,
    "first_started_iso": "2026-09-17T14:57:48.983529+00:00",
    "last_finished_iso": "2026-09-17T14:57:52.181804+00:00",
    "worker_cpu_seconds": 2.7532,
    "errors": {
      "ThrottlingException": 29
    }
  },
  {
    "size": "2gb",
    "concurrency": 100,
    "samples": 100,
    "success": 70,
    "throttles": 30,
    "other_errors": 0,
    "fresh_boots": 0,
    "cold_p50_ms": 2386.7,
    "cold_p90_ms": 2821.2,
    "cold_max_ms": 3686.8,
    "cold_mean_ms": 2429.8,
    "warm_p50_ms": 113.1,
    "warm_success": 70,
    "stop_success": 70,
    "stop_absent": 30,
    "reused": false,
    "processes": 8,
    "actual_settle_seconds": 434.229,
    "api_start_spread_ms": 513.543,
    "before_send_spread_ms": 520.49,
    "tight_burst": false,
    "peak_inflight": 81,
    "p95_ms": 2995.0,
    "p99_ms": 3353.5,
    "first_started_iso": "2026-09-17T14:58:07.801141+00:00",
    "last_finished_iso": "2026-09-17T14:58:12.113862+00:00",
    "worker_cpu_seconds": 5.9753,
    "errors": {
      "ThrottlingException": 30
    }
  },
  {
    "size": "2gb",
    "concurrency": 200,
    "samples": 200,
    "success": 153,
    "throttles": 47,
    "other_errors": 0,
    "fresh_boots": 0,
    "cold_p50_ms": 2397.5,
    "cold_p90_ms": 2763.0,
    "cold_max_ms": 3293.0,
    "cold_mean_ms": 2413.7,
    "warm_p50_ms": 109.7,
    "warm_success": 153,
    "stop_success": 153,
    "stop_absent": 47,
    "reused": false,
    "processes": 8,
    "actual_settle_seconds": 451.175,
    "api_start_spread_ms": 1555.32,
    "before_send_spread_ms": 1554.095,
    "tight_burst": false,
    "peak_inflight": 164,
    "p95_ms": 2859.4,
    "p99_ms": 3070.3,
    "first_started_iso": "2026-09-17T14:58:27.777550+00:00",
    "last_finished_iso": "2026-09-17T14:58:32.555838+00:00",
    "worker_cpu_seconds": 13.3832,
    "errors": {
      "ThrottlingException": 47
    }
  }
]
