[2026-09-22T00:29:58.893190+00:00] Cold serial samples started
[2026-09-22T00:30:19.990002+00:00] cold: 10/100
[2026-09-22T00:30:39.923497+00:00] cold: 20/100
[2026-09-22T00:30:58.408470+00:00] cold: 30/100
[2026-09-22T00:31:16.711474+00:00] cold: 40/100
[2026-09-22T00:31:35.095562+00:00] cold: 50/100
[2026-09-22T00:31:53.393833+00:00] cold: 60/100
[2026-09-22T00:32:11.498205+00:00] cold: 70/100
[2026-09-22T00:32:28.912960+00:00] cold: 80/100
[2026-09-22T00:32:46.671453+00:00] cold: 90/100
[2026-09-22T00:33:04.797779+00:00] cold: 100/100
[2026-09-22T00:33:04.797807+00:00] Warm same-session samples started
[2026-09-22T00:33:17.642347+00:00] warm: 100/500
[2026-09-22T00:33:27.122873+00:00] warm: 200/500
[2026-09-22T00:33:36.402999+00:00] warm: 300/500
[2026-09-22T00:33:46.103579+00:00] warm: 400/500
[2026-09-22T00:33:55.777330+00:00] warm: 500/500
[2026-09-22T00:33:56.020650+00:00] Fresh scale runtime: 0 user sessions -> 50 concurrent sessions
[2026-09-22T00:34:04.784985+00:00] All samples completed
[2026-09-22T00:34:05.062592+00:00] 2.7: starting 1 concurrent new sessions
[2026-09-22T00:34:05.886388+00:00] 2.7: 1 concurrency: 1/1 passed; stopping sessions
[2026-09-22T00:34:05.975840+00:00] 2.7: starting 10 concurrent new sessions
[2026-09-22T00:34:07.027082+00:00] 2.7: 10 concurrency: 10/10 passed; stopping sessions
[2026-09-22T00:34:07.136338+00:00] 2.7: starting 50 concurrent new sessions
[2026-09-22T00:34:08.954945+00:00] 2.7: 50 concurrency: 50/50 passed; stopping sessions
[2026-09-22T00:34:09.461556+00:00] 2.7: PASS
[2026-09-22T00:34:19.892573+00:00] Code Interpreter serial: 10/100
[2026-09-22T00:34:29.963190+00:00] Code Interpreter serial: 20/100
[2026-09-22T00:34:40.098714+00:00] Code Interpreter serial: 30/100
[2026-09-22T00:34:50.187304+00:00] Code Interpreter serial: 40/100
[2026-09-22T00:35:00.660968+00:00] Code Interpreter serial: 50/100
[2026-09-22T00:35:10.620258+00:00] Code Interpreter serial: 60/100
[2026-09-22T00:35:21.176674+00:00] Code Interpreter serial: 70/100
[2026-09-22T00:35:32.039191+00:00] Code Interpreter serial: 80/100
[2026-09-22T00:35:42.196694+00:00] Code Interpreter serial: 90/100
[2026-09-22T00:35:53.032250+00:00] Code Interpreter serial: 100/100
[2026-09-22T00:35:53.190378+00:00] Cleanup: 161/161 stopped
