[2026-09-28T03:39:37.984781+00:00] Building ARM64 image
#0 building with "default" instance using docker driver

#1 [internal] load build definition from Dockerfile
#1 transferring dockerfile: 285B done
#1 DONE 0.0s

#2 [internal] load metadata for docker.io/library/python:3.12-slim-bookworm@sha256:a116514e19457bcb7af7efe9c3dd0b9b71e85b317694e7882a1c52aa15a78134
#2 DONE 0.9s

#3 [internal] load .dockerignore
#3 transferring context: 62B done
#3 DONE 0.0s

#4 [internal] load build context
#4 transferring context: 3.25kB done
#4 DONE 0.0s

#5 [1/3] FROM docker.io/library/python:3.12-slim-bookworm@sha256:a116514e19457bcb7af7efe9c3dd0b9b71e85b317694e7882a1c52aa15a78134
#5 resolve docker.io/library/python:3.12-slim-bookworm@sha256:a116514e19457bcb7af7efe9c3dd0b9b71e85b317694e7882a1c52aa15a78134 0.0s done
#5 DONE 0.1s

#5 [1/3] FROM docker.io/library/python:3.12-slim-bookworm@sha256:a116514e19457bcb7af7efe9c3dd0b9b71e85b317694e7882a1c52aa15a78134
#5 sha256:7139c142c2a60fe127ae67b23e17513bfca6536343b4a68083ed4d23f901e72e 248B / 248B 0.1s done
#5 sha256:3a5e2823aa7138bb86a62e19a4810d0d4a83dac670dcbee8af1cdef89341e7e6 0B / 13.60MB 0.2s
#5 sha256:3a5e2823aa7138bb86a62e19a4810d0d4a83dac670dcbee8af1cdef89341e7e6 13.60MB / 13.60MB 0.2s done
#5 sha256:9d15894547ae45ff032d09bed1e627eddacd2b9064a987960c42a47320c79244 3.37MB / 3.37MB 0.2s done
#5 sha256:0f5d7465a5bb9d419f60c93d126a161286c73a1ede4a8b2e46bd5e7ad5782cc7 0B / 28.12MB 0.2s
#5 sha256:0f5d7465a5bb9d419f60c93d126a161286c73a1ede4a8b2e46bd5e7ad5782cc7 28.12MB / 28.12MB 0.3s done
#5 extracting sha256:0f5d7465a5bb9d419f60c93d126a161286c73a1ede4a8b2e46bd5e7ad5782cc7
#5 extracting sha256:0f5d7465a5bb9d419f60c93d126a161286c73a1ede4a8b2e46bd5e7ad5782cc7 0.9s done
#5 DONE 1.4s

#5 [1/3] FROM docker.io/library/python:3.12-slim-bookworm@sha256:a116514e19457bcb7af7efe9c3dd0b9b71e85b317694e7882a1c52aa15a78134
#5 extracting sha256:9d15894547ae45ff032d09bed1e627eddacd2b9064a987960c42a47320c79244 0.1s done
#5 DONE 1.5s

#5 [1/3] FROM docker.io/library/python:3.12-slim-bookworm@sha256:a116514e19457bcb7af7efe9c3dd0b9b71e85b317694e7882a1c52aa15a78134
#5 extracting sha256:3a5e2823aa7138bb86a62e19a4810d0d4a83dac670dcbee8af1cdef89341e7e6
#5 extracting sha256:3a5e2823aa7138bb86a62e19a4810d0d4a83dac670dcbee8af1cdef89341e7e6 0.5s done
#5 DONE 2.0s

#5 [1/3] FROM docker.io/library/python:3.12-slim-bookworm@sha256:a116514e19457bcb7af7efe9c3dd0b9b71e85b317694e7882a1c52aa15a78134
#5 extracting sha256:7139c142c2a60fe127ae67b23e17513bfca6536343b4a68083ed4d23f901e72e 0.0s done
#5 DONE 2.0s

#6 [2/3] WORKDIR /app
#6 DONE 0.4s

#7 [3/3] COPY app.py /app/app.py
#7 DONE 0.0s

#8 exporting to image
#8 exporting layers 0.1s done
#8 exporting manifest sha256:5abb31a14d3ffa212234489693fe5b33b9d7f8303574e9341ff66375cc913c0f 0.0s done
#8 exporting config sha256:8d99725669c875d48f9d8596f91cc96b6957630623dbc27e73d350dad7c67deb 0.0s done
#8 exporting attestation manifest sha256:3a028fbe9ff763414f520fb96ba5a3573dbdc25bf3844607e68d5b4989670944 0.0s done
#8 exporting manifest list sha256:770ad1f0a594d9f588d546eaa6fd07395998be1f645d1c466cf9bff42ae9a68f 0.0s done
#8 naming to 765922807571.dkr.ecr.cn-northwest-1.amazonaws.com.cn/cn-runtime24-40423c06cc:909fcedc1db64f28 done
#8 unpacking to 765922807571.dkr.ecr.cn-northwest-1.amazonaws.com.cn/cn-runtime24-40423c06cc:909fcedc1db64f28 0.0s done
#8 DONE 0.3s

WARNING! Your credentials are stored unencrypted in '/home/ubuntu/workspace/agentcore_demo/24-China-regions/runtime/results/regress-zhy-20260928T033935Z/docker-auth/config.json'.
Configure a credential helper to remove this warning. See
https://docs.docker.com/go/credential-store/

Login Succeeded
The push refers to repository [765922807571.dkr.ecr.cn-northwest-1.amazonaws.com.cn/cn-runtime24-40423c06cc]
1e900e157373: Waiting
44136fa355b3: Waiting
9d15894547ae: Waiting
0f5d7465a5bb: Waiting
9d15894547ae: Waiting
0f5d7465a5bb: Waiting
1e900e157373: Waiting
44136fa355b3: Waiting
1e900e157373: Waiting
44136fa355b3: Waiting
9d15894547ae: Waiting
0f5d7465a5bb: Waiting
44136fa355b3: Waiting
9d15894547ae: Waiting
0f5d7465a5bb: Waiting
1e900e157373: Waiting
0f5d7465a5bb: Waiting
1e900e157373: Waiting
44136fa355b3: Waiting
9d15894547ae: Waiting
1e900e157373: Waiting
44136fa355b3: Waiting
9d15894547ae: Waiting
0f5d7465a5bb: Waiting
44136fa355b3: Waiting
9d15894547ae: Waiting
0f5d7465a5bb: Waiting
1e900e157373: Waiting
1e900e157373: Waiting
44136fa355b3: Waiting
9d15894547ae: Waiting
0f5d7465a5bb: Waiting
1e900e157373: Waiting
44136fa355b3: Waiting
9d15894547ae: Waiting
0f5d7465a5bb: Waiting
1e900e157373: Waiting
44136fa355b3: Waiting
9d15894547ae: Waiting
0f5d7465a5bb: Waiting
1e900e157373: Waiting
44136fa355b3: Waiting
9d15894547ae: Waiting
0f5d7465a5bb: Waiting
9d15894547ae: Waiting
0f5d7465a5bb: Waiting
3a5e2823aa71: Waiting
7139c142c2a6: Waiting
1e900e157373: Pushed
44136fa355b3: Pushed
3a5e2823aa71: Waiting
7139c142c2a6: Waiting
7139c142c2a6: Waiting
27b986550264: Waiting
3a5e2823aa71: Waiting
3a5e2823aa71: Waiting
7139c142c2a6: Waiting
27b986550264: Waiting
3a5e2823aa71: Waiting
7139c142c2a6: Waiting
27b986550264: Waiting
27b986550264: Waiting
27b986550264: Waiting
d6cd247a1217: Waiting
7139c142c2a6: Pushed
27b986550264: Pushed
d6cd247a1217: Waiting
d6cd247a1217: Waiting
d6cd247a1217: Waiting
d6cd247a1217: Waiting
9d15894547ae: Pushed
d6cd247a1217: Pushed
3a5e2823aa71: Pushed
0f5d7465a5bb: Pushed
909fcedc1db64f28: digest: sha256:770ad1f0a594d9f588d546eaa6fd07395998be1f645d1c466cf9bff42ae9a68f size: 856
[2026-09-28T03:40:17.525900+00:00] runtime-baseline-ready: CREATING
[2026-09-28T03:40:22.787392+00:00] runtime-baseline-ready: CREATING
[2026-09-28T03:40:28.069237+00:00] runtime-baseline-ready: CREATING
[2026-09-28T03:40:33.346947+00:00] runtime-baseline-ready: CREATING
[2026-09-28T03:40:38.610425+00:00] runtime-baseline-ready: CREATING
[2026-09-28T03:40:43.882915+00:00] runtime-baseline-ready: CREATING
[2026-09-28T03:40:49.144784+00:00] runtime-baseline-ready: CREATING
[2026-09-28T03:40:54.406688+00:00] runtime-baseline-ready: CREATING
[2026-09-28T03:40:59.680645+00:00] runtime-baseline-ready: CREATING
[2026-09-28T03:41:04.951260+00:00] runtime-baseline-ready: CREATING
[2026-09-28T03:41:10.221715+00:00] runtime-baseline-ready: CREATING
[2026-09-28T03:41:15.482333+00:00] runtime-baseline-ready: CREATING
[2026-09-28T03:41:20.743107+00:00] runtime-baseline-ready: CREATING
[2026-09-28T03:41:26.010268+00:00] runtime-baseline-ready: CREATING
[2026-09-28T03:41:31.278922+00:00] runtime-baseline-ready: CREATING
[2026-09-28T03:41:36.536318+00:00] runtime-baseline-ready: CREATING
[2026-09-28T03:41:41.812120+00:00] runtime-baseline-ready: CREATING
[2026-09-28T03:41:47.079227+00:00] runtime-baseline-ready: CREATING
[2026-09-28T03:41:52.360163+00:00] runtime-baseline-ready: CREATING
[2026-09-28T03:41:57.641313+00:00] runtime-baseline-ready: CREATING
[2026-09-28T03:42:02.905068+00:00] runtime-baseline-ready: CREATING
[2026-09-28T03:42:08.178725+00:00] runtime-baseline-ready: CREATING
[2026-09-28T03:42:13.449854+00:00] runtime-baseline-ready: CREATING
[2026-09-28T03:42:18.736886+00:00] runtime-baseline-ready: CREATING
[2026-09-28T03:42:24.003122+00:00] runtime-baseline-ready: CREATING
[2026-09-28T03:42:29.264422+00:00] runtime-baseline-ready: CREATING
[2026-09-28T03:42:34.529576+00:00] runtime-baseline-ready: CREATING
[2026-09-28T03:42:39.822848+00:00] runtime-baseline-ready: CREATING
[2026-09-28T03:42:45.080983+00:00] runtime-baseline-ready: CREATING
[2026-09-28T03:42:50.342245+00:00] runtime-baseline-ready: CREATING
[2026-09-28T03:42:55.607083+00:00] runtime-baseline-ready: CREATING
[2026-09-28T03:43:00.871873+00:00] runtime-baseline-ready: CREATING
[2026-09-28T03:43:06.136267+00:00] runtime-baseline-ready: CREATING
[2026-09-28T03:43:11.411533+00:00] runtime-baseline-ready: CREATING
[2026-09-28T03:43:16.680264+00:00] runtime-baseline-ready: CREATING
[2026-09-28T03:43:21.951164+00:00] runtime-baseline-ready: CREATING
[2026-09-28T03:43:27.221591+00:00] runtime-baseline-ready: CREATING
[2026-09-28T03:43:32.490479+00:00] runtime-baseline-ready: READY
[2026-09-28T03:43:32.755202+00:00] runtime-scale-ready: READY
[2026-09-28T03:43:44.566840+00:00] load-client-ready: READY
[2026-09-28T03:43:44.566878+00:00] Deployment READY
