Traceback (most recent call last):
  File "/opt/china-multiprocess/run.py", line 71, in main
    publish()
  File "/opt/china-multiprocess/run.py", line 42, in publish
    s3.put_object(Bucket=cfg["bucket"], Key=args.key_prefix + "/progress.json", Body=json.dumps(status).encode())
  File "/opt/china-multiprocess/venv/lib64/python3.12/site-packages/botocore/client.py", line 606, in _api_call
    return self._make_api_call(operation_name, kwargs)
           ^^^^^^^^^^^^^^^^^^^^^^^^^^^^^^^^^^^^^^^^^^^
  File "/opt/china-multiprocess/venv/lib64/python3.12/site-packages/botocore/context.py", line 123, in wrapper
    return func(*args, **kwargs)
           ^^^^^^^^^^^^^^^^^^^^^
  File "/opt/china-multiprocess/venv/lib64/python3.12/site-packages/botocore/client.py", line 1094, in _make_api_call
    raise error_class(parsed_response, operation_name)
botocore.errorfactory.AccessDenied: An error occurred (AccessDenied) when calling the PutObject operation: User: arn:aws-cn:sts::447150580482:assumed-role/cn-ec2-bench-32629c0c37/i-0c62090e8472b2c83 is not authorized to perform: s3:PutObject on resource: "arn:aws-cn:s3:::cn-ec2-bench-32629c0c37-447150580482/isolated/progress.json" because no identity-based policy allows the s3:PutObject action

During handling of the above exception, another exception occurred:

Traceback (most recent call last):
  File "/opt/china-multiprocess/venv/lib64/python3.12/site-packages/boto3/s3/transfer.py", line 452, in upload_file
    future.result()
  File "/opt/china-multiprocess/venv/lib64/python3.12/site-packages/s3transfer/futures.py", line 111, in result
    return self._coordinator.result()
           ^^^^^^^^^^^^^^^^^^^^^^^^^^
  File "/opt/china-multiprocess/venv/lib64/python3.12/site-packages/s3transfer/futures.py", line 287, in result
    raise self._exception
  File "/opt/china-multiprocess/venv/lib64/python3.12/site-packages/s3transfer/tasks.py", line 142, in __call__
    return self._execute_main(kwargs)
           ^^^^^^^^^^^^^^^^^^^^^^^^^^
  File "/opt/china-multiprocess/venv/lib64/python3.12/site-packages/s3transfer/tasks.py", line 165, in _execute_main
    return_value = self._main(**kwargs)
                   ^^^^^^^^^^^^^^^^^^^^
  File "/opt/china-multiprocess/venv/lib64/python3.12/site-packages/s3transfer/upload.py", line 796, in _main
    client.put_object(Bucket=bucket, Key=key, Body=body, **extra_args)
  File "/opt/china-multiprocess/venv/lib64/python3.12/site-packages/botocore/client.py", line 606, in _api_call
    return self._make_api_call(operation_name, kwargs)
           ^^^^^^^^^^^^^^^^^^^^^^^^^^^^^^^^^^^^^^^^^^^
  File "/opt/china-multiprocess/venv/lib64/python3.12/site-packages/botocore/context.py", line 123, in wrapper
    return func(*args, **kwargs)
           ^^^^^^^^^^^^^^^^^^^^^
  File "/opt/china-multiprocess/venv/lib64/python3.12/site-packages/botocore/client.py", line 1094, in _make_api_call
    raise error_class(parsed_response, operation_name)
botocore.errorfactory.AccessDenied: An error occurred (AccessDenied) when calling the PutObject operation: User: arn:aws-cn:sts::447150580482:assumed-role/cn-ec2-bench-32629c0c37/i-0c62090e8472b2c83 is not authorized to perform: s3:PutObject on resource: "arn:aws-cn:s3:::cn-ec2-bench-32629c0c37-447150580482/isolated/results.tar.gz" because no identity-based policy allows the s3:PutObject action

During handling of the above exception, another exception occurred:

Traceback (most recent call last):
  File "/opt/china-multiprocess/run.py", line 109, in <module>
    raise SystemExit(main())
                     ^^^^^^
  File "/opt/china-multiprocess/run.py", line 103, in main
    s3.upload_file(str(archive), cfg["bucket"], args.key_prefix + "/results.tar.gz")
  File "/opt/china-multiprocess/venv/lib64/python3.12/site-packages/botocore/context.py", line 123, in wrapper
    return func(*args, **kwargs)
           ^^^^^^^^^^^^^^^^^^^^^
  File "/opt/china-multiprocess/venv/lib64/python3.12/site-packages/boto3/s3/inject.py", line 175, in upload_file
    return transfer.upload_file(
           ^^^^^^^^^^^^^^^^^^^^^
  File "/opt/china-multiprocess/venv/lib64/python3.12/site-packages/boto3/s3/transfer.py", line 458, in upload_file
    raise S3UploadFailedError(
boto3.exceptions.S3UploadFailedError: Failed to upload /opt/china-multiprocess/isolated-results.tar.gz to cn-ec2-bench-32629c0c37-447150580482/isolated/results.tar.gz: An error occurred (AccessDenied) when calling the PutObject operation: User: arn:aws-cn:sts::447150580482:assumed-role/cn-ec2-bench-32629c0c37/i-0c62090e8472b2c83 is not authorized to perform: s3:PutObject on resource: "arn:aws-cn:s3:::cn-ec2-bench-32629c0c37-447150580482/isolated/results.tar.gz" because no identity-based policy allows the s3:PutObject action
